// Jest Snapshot v1, https://goo.gl/fbAQLP

exports[`test function Modal Should test if the modal element exists 1`] = `
<div
  class="container-modal"
  id="modal"
  style="display: block;"
>
  
  
  <div
    class="container-modal__content"
  >
     
  
    <span
      class="container-modal__close"
      id="closeModal"
    >
      ×
    </span>
    
  
    <h2>
      hola soy modal
    </h2>
     
  
    <p>
      hola soy el mensaje de modal
    </p>
     
  </div>
</div>
`;
